20260815_デイ_S級昇級	2088255539302044098
20260815_ミッドナイト_S級昇級	2088255540639998242
20260816_デイ_S級昇級	2088832143602651370
20260816_ナイター_S級昇級	2088896778787557570
20260816_ミッドナイト_S級昇級	2088944377133498710
20260816_代謝ボーダー	2088954821030138254
20260817_デイ_S級昇級	2089194781054210321
20260817_ナイター_S級昇級	2089267686081712134
20260817_ミッドナイト_S級昇級	2089317618318823577
20260818_デイ_S級昇級	2089555113673453661
20260818_ナイター_S級昇級	2089624728936063312
20260818_ミッドナイト_S級昇級	2089680121364173253
20260819_デイ_S級昇級	2089918720361853291
20260819_ナイター_S級昇級	2089987301992759427
20260819_ミッドナイト_S級昇級	2090042382322688212
20260819_代謝ボーダー	2090045142606471354
20260820_デイ_S級昇級	2090281003621233062
20260820_ミッドナイト_S級昇級	2090405545828303154
20260821_デイ_S級昇級	2090644734834327648
20260821_ナイター_S級昇級	2090715697521516873
20260821_ミッドナイト_S級昇級	2090767690092663224
20260821_モーニング_S級昇級	2090949827446136856
20260822_デイ_S級昇級	2091003940162642416
20260822_ナイター_S級昇級	2091071175665598936
20260822_ミッドナイト_S級昇級	2091118743594156331
20260822_モーニング_S級昇級	2091309852140376365
20260823_デイ_S級昇級	2091369379086684668
20260823_ミッドナイト_S級昇級	2091481328927826084
20260823_モーニング_S級昇級	2091492795550683514
20260823_代謝ボーダー	2091492796544778338
20260824_デイ_S級昇級	2091738755048915282
20260825_デイ_S級昇級	2092093653661495637
20260825_モーニング_S級昇級	2092399253314482419
20260826_モーニング_S級昇級	2092583424649269610
20260826_代謝ボーダー	2092583425936941113
20260828_ミッドナイト_S級昇級	2093324017490854381
20260828_ナイター_S級昇級	2093327422414545397
20260829_ナイター_代謝危機	2093588289391317279
20260829_ナイター_S級昇級	2093619596892963123
20260829_ミッドナイト_S級昇級	2093647466860048627
20260830_ナイター_代謝危機	2093949450519466161
20260830_ミッドナイト_代謝危機	2094009859238744447
20260830_代謝ボーダー	2094019052293263399
20260831_デイ_代謝危機	2094228842525114661
20260831_ナイター_代謝危機	2094311839819604362
20260831_ミッドナイト_代謝危機	2094372246647410932
20260901_デイ_代謝危機	2094591205648568620
20260901_ナイター_代謝危機	2094674241547567235
20260901_ミッドナイト_代謝危機	2094734632373956682
20260902_デイ_代謝危機	2094953603958034720
20260902_ナイター_代謝危機	2095036631799754920
20260902_ミッドナイト_代謝危機	2095097018318262371
20260902_代謝ボーダー	2095107510411661518
